###############################################################################
#
# IAR ELF Linker V8.20.1.14183/W32 for ARM                26/Apr/2024  23:31:46
# Copyright 2007-2017 IAR Systems AB.
#
#    Output file  =  
#        C:\Users\pc\Desktop\bluettoth\EWARM\STM32F4-Discovery\Exe\Project.out
#    Map file     =  
#        C:\Users\pc\Desktop\bluettoth\EWARM\STM32F4-Discovery\List\Project.map
#    Command line =  
#        -f C:\Users\pc\AppData\Local\Temp\EWF667.tmp
#        (C:\Users\pc\Desktop\bluettoth\EWARM\STM32F4-Discovery\Obj\main.o
#        C:\Users\pc\Desktop\bluettoth\EWARM\STM32F4-Discovery\Obj\startup_stm32f407xx.o
#        C:\Users\pc\Desktop\bluettoth\EWARM\STM32F4-Discovery\Obj\stm32f4xx_hal.o
#        C:\Users\pc\Desktop\bluettoth\EWARM\STM32F4-Discovery\Obj\stm32f4xx_hal_adc.o
#        C:\Users\pc\Desktop\bluettoth\EWARM\STM32F4-Discovery\Obj\stm32f4xx_hal_cortex.o
#        C:\Users\pc\Desktop\bluettoth\EWARM\STM32F4-Discovery\Obj\stm32f4xx_hal_dma.o
#        C:\Users\pc\Desktop\bluettoth\EWARM\STM32F4-Discovery\Obj\stm32f4xx_hal_flash.o
#        C:\Users\pc\Desktop\bluettoth\EWARM\STM32F4-Discovery\Obj\stm32f4xx_hal_gpio.o
#        C:\Users\pc\Desktop\bluettoth\EWARM\STM32F4-Discovery\Obj\stm32f4xx_hal_i2c.o
#        C:\Users\pc\Desktop\bluettoth\EWARM\STM32F4-Discovery\Obj\stm32f4xx_hal_i2c_ex.o
#        C:\Users\pc\Desktop\bluettoth\EWARM\STM32F4-Discovery\Obj\stm32f4xx_hal_msp.o
#        C:\Users\pc\Desktop\bluettoth\EWARM\STM32F4-Discovery\Obj\stm32f4xx_hal_pwr.o
#        C:\Users\pc\Desktop\bluettoth\EWARM\STM32F4-Discovery\Obj\stm32f4xx_hal_pwr_ex.o
#        C:\Users\pc\Desktop\bluettoth\EWARM\STM32F4-Discovery\Obj\stm32f4xx_hal_rcc.o
#        C:\Users\pc\Desktop\bluettoth\EWARM\STM32F4-Discovery\Obj\stm32f4xx_hal_rcc_ex.o
#        C:\Users\pc\Desktop\bluettoth\EWARM\STM32F4-Discovery\Obj\stm32f4xx_hal_usart.o
#        C:\Users\pc\Desktop\bluettoth\EWARM\STM32F4-Discovery\Obj\stm32f4xx_it.o
#        C:\Users\pc\Desktop\bluettoth\EWARM\STM32F4-Discovery\Obj\system_stm32f4xx.o
#        --redirect _Printf=_PrintfSmall --redirect _Scanf=_ScanfSmall -o
#        C:\Users\pc\Desktop\bluettoth\EWARM\STM32F4-Discovery\Exe\Project.out
#        --map
#        C:\Users\pc\Desktop\bluettoth\EWARM\STM32F4-Discovery\List\Project.map
#        --config "C:\Program Files (x86)\IAR Systems\Embedded Workbench
#        8.0_2\arm\config\linker\ST\stm32f407xG.icf" --semihosting --entry
#        __iar_program_start --vfe --text_out locale)
#
###############################################################################

*******************************************************************************
*** MESSAGES
***

Error[Li005]: no definition for "HAL_USART_Receive" [referenced from
          C:\Users\pc\Desktop\bluettoth\EWARM\STM32F4-Discovery\Obj\main.o]
Error[Li005]: no definition for "HAL_USART_Init" [referenced from
          C:\Users\pc\Desktop\bluettoth\EWARM\STM32F4-Discovery\Obj\main.o]


*******************************************************************************
*** RUNTIME MODEL ATTRIBUTES
***

CppFlavor       = *
__SystemLibrary = DLib
__dlib_version  = 6


*******************************************************************************
*** HEAP SELECTION
***

The basic heap was selected because no calls to memory allocation
functions were found in the application outside of system library
functions, and there are calls to deallocation functions in the
application.


*******************************************************************************
*** PLACEMENT SUMMARY
***

"A0":  place at 0x08000000 { ro section .intvec };
"P1":  place in [from 0x08000000 to 0x080fffff] { ro };
define block CSTACK with size = 8K, alignment = 8 { };
"P3":  place in [from 0x10000000 to 0x1000ffff] {
          block CSTACK, section .ccram };
define block HEAP with size = 8K, alignment = 8 { };
"P4":  place in [from 0x20000000 to 0x2001bfff] |
                [from 0x2001c000 to 0x2001ffff] { rw, block HEAP };
initialize by copy { rw };

No sections matched the following patterns:

  ro section application_specific_ro  in "P2"
  section .backup_sram                in "P5"
  section .ccram                      in "P3"


  Section            Kind        Address    Size  Object
  -------            ----        -------    ----  ------
"A0":                                      0x188
  .intvec            ro code  0x08000000   0x188  startup_stm32f407xx.o [1]
                            - 0x08000188   0x188

"P1":                                     0x11ac
  .text              ro code  0x08000188   0x41c  stm32f4xx_hal_rcc.o [1]
  .text              ro code  0x080005a4     0xc  stm32f4xx_hal.o [1]
  .text              ro code  0x080005b0   0x274  stm32f4xx_hal_gpio.o [1]
  .text              ro code  0x08000824   0x22e  I64DivMod.o [5]
  .text              ro code  0x08000a54     0x2  I64DivZer.o [5]
  .text              ro code  0x08000a58   0x1f8  stm32f4xx_hal_rcc.o [1]
  .text              ro code  0x08000c50    0x4c  stm32f4xx_hal.o [1]
  .text              ro code  0x08000c9c   0x124  stm32f4xx_hal_cortex.o [1]
  .text              ro code  0x08000dc0   0x1cc  main.o [1]
  .text              ro code  0x08000f8c    0x40  stm32f4xx_hal.o [1]
  .text              ro code  0x08000fcc     0x6  ABImemclr4.o [5]
  .text              ro code  0x08000fd4    0x48  stm32f4xx_hal_msp.o [1]
  .text              ro code  0x0800101c    0x32  ABImemset48.o [5]
  .text              ro code  0x0800104e    0x40  zero_init3.o [5]
  .text              ro code  0x0800108e    0x2c  copy_init3.o [5]
  .text              ro code  0x080010bc    0x28  data_init.o [5]
  .text              ro code  0x080010e4    0x22  fpinit_M.o [4]
  .iar.init_table    const    0x08001108    0x24  - Linker created -
  .text              ro code  0x0800112c    0x1e  cmain.o [5]
  .text              ro code  0x0800114a     0x4  low_level_init.o [3]
  .text              ro code  0x0800114e     0x4  exit.o [3]
  .text              ro code  0x08001154     0xa  cexit.o [5]
  .text              ro code  0x08001160    0x14  exit.o [6]
  .text              ro code  0x08001174    0x18  stm32f4xx_hal.o [1]
  .text              ro code  0x0800118c    0x18  stm32f4xx_it.o [1]
  .text              ro code  0x080011a4    0x14  system_stm32f4xx.o [1]
  .rodata            const    0x080011b8    0x10  system_stm32f4xx.o [1]
  .text              ro code  0x080011c8    0x10  startup_stm32f407xx.o [1]
  .text              ro code  0x080011d8     0xc  cstartup_M.o [5]
  .text              ro code  0x080011e4     0x4  startup_stm32f407xx.o [1]
  .text              ro code  0x080011e8     0x4  startup_stm32f407xx.o [1]
  .text              ro code  0x080011ec     0x4  startup_stm32f407xx.o [1]
  .text              ro code  0x080011f0     0x4  startup_stm32f407xx.o [1]
  .text              ro code  0x080011f4     0x4  startup_stm32f407xx.o [1]
  .text              ro code  0x080011f8     0x4  startup_stm32f407xx.o [1]
  .text              ro code  0x080011fc     0x4  startup_stm32f407xx.o [1]
  .text              ro code  0x08001200     0x4  startup_stm32f407xx.o [1]
  .text              ro code  0x08001204     0x4  startup_stm32f407xx.o [1]
  .text              ro code  0x08001208     0x4  startup_stm32f407xx.o [1]
  .text              ro code  0x0800120c     0x4  startup_stm32f407xx.o [1]
  .text              ro code  0x08001210     0x4  startup_stm32f407xx.o [1]
  .text              ro code  0x08001214     0x4  startup_stm32f407xx.o [1]
  .text              ro code  0x08001218     0x4  startup_stm32f407xx.o [1]
  .text              ro code  0x0800121c     0x4  startup_stm32f407xx.o [1]
  .text              ro code  0x08001220     0x4  startup_stm32f407xx.o [1]
  .text              ro code  0x08001224     0x4  startup_stm32f407xx.o [1]
  .text              ro code  0x08001228     0x4  startup_stm32f407xx.o [1]
  .text              ro code  0x0800122c     0x4  startup_stm32f407xx.o [1]
  .text              ro code  0x08001230     0x4  startup_stm32f407xx.o [1]
  .text              ro code  0x08001234     0x4  startup_stm32f407xx.o [1]
  .text              ro code  0x08001238     0x4  startup_stm32f407xx.o [1]
  .text              ro code  0x0800123c     0x4  startup_stm32f407xx.o [1]
  .text              ro code  0x08001240     0x4  startup_stm32f407xx.o [1]
  .text              ro code  0x08001244     0x4  startup_stm32f407xx.o [1]
  .text              ro code  0x08001248     0x4  startup_stm32f407xx.o [1]
  .text              ro code  0x0800124c     0x4  startup_stm32f407xx.o [1]
  .text              ro code  0x08001250     0x4  startup_stm32f407xx.o [1]
  .text              ro code  0x08001254     0x4  startup_stm32f407xx.o [1]
  .text              ro code  0x08001258     0x4  startup_stm32f407xx.o [1]
  .text              ro code  0x0800125c     0x4  startup_stm32f407xx.o [1]
  .text              ro code  0x08001260     0x4  startup_stm32f407xx.o [1]
  .text              ro code  0x08001264     0x4  startup_stm32f407xx.o [1]
  .text              ro code  0x08001268     0x4  startup_stm32f407xx.o [1]
  .text              ro code  0x0800126c     0x4  startup_stm32f407xx.o [1]
  .text              ro code  0x08001270     0x4  startup_stm32f407xx.o [1]
  .text              ro code  0x08001274     0x4  startup_stm32f407xx.o [1]
  .text              ro code  0x08001278     0x4  startup_stm32f407xx.o [1]
  .text              ro code  0x0800127c     0x4  startup_stm32f407xx.o [1]
  .text              ro code  0x08001280     0x4  startup_stm32f407xx.o [1]
  .text              ro code  0x08001284     0x4  startup_stm32f407xx.o [1]
  .text              ro code  0x08001288     0x4  startup_stm32f407xx.o [1]
  .text              ro code  0x0800128c     0x4  startup_stm32f407xx.o [1]
  .text              ro code  0x08001290     0x4  startup_stm32f407xx.o [1]
  .text              ro code  0x08001294     0x4  startup_stm32f407xx.o [1]
  .text              ro code  0x08001298     0x4  startup_stm32f407xx.o [1]
  .text              ro code  0x0800129c     0x4  startup_stm32f407xx.o [1]
  .text              ro code  0x080012a0     0x4  startup_stm32f407xx.o [1]
  .text              ro code  0x080012a4     0x4  startup_stm32f407xx.o [1]
  .text              ro code  0x080012a8     0x4  startup_stm32f407xx.o [1]
  .text              ro code  0x080012ac     0x4  startup_stm32f407xx.o [1]
  .text              ro code  0x080012b0     0x4  startup_stm32f407xx.o [1]
  .text              ro code  0x080012b4     0x4  startup_stm32f407xx.o [1]
  .text              ro code  0x080012b8     0x4  startup_stm32f407xx.o [1]
  .text              ro code  0x080012bc     0x4  startup_stm32f407xx.o [1]
  .text              ro code  0x080012c0     0x4  startup_stm32f407xx.o [1]
  .text              ro code  0x080012c4     0x4  startup_stm32f407xx.o [1]
  .text              ro code  0x080012c8     0x4  startup_stm32f407xx.o [1]
  .text              ro code  0x080012cc     0x4  startup_stm32f407xx.o [1]
  .text              ro code  0x080012d0     0x4  startup_stm32f407xx.o [1]
  .text              ro code  0x080012d4     0x4  startup_stm32f407xx.o [1]
  .text              ro code  0x080012d8     0x4  startup_stm32f407xx.o [1]
  .text              ro code  0x080012dc     0x4  startup_stm32f407xx.o [1]
  .text              ro code  0x080012e0     0x4  startup_stm32f407xx.o [1]
  .text              ro code  0x080012e4     0x4  startup_stm32f407xx.o [1]
  .text              ro code  0x080012e8     0x4  startup_stm32f407xx.o [1]
  .text              ro code  0x080012ec     0x4  startup_stm32f407xx.o [1]
  .text              ro code  0x080012f0     0x4  startup_stm32f407xx.o [1]
  .text              ro code  0x080012f4     0x4  startup_stm32f407xx.o [1]
  .text              ro code  0x080012f8     0x4  startup_stm32f407xx.o [1]
  .text              ro code  0x080012fc     0x4  startup_stm32f407xx.o [1]
  .text              ro code  0x08001300     0x4  startup_stm32f407xx.o [1]
  .text              ro code  0x08001304     0x4  startup_stm32f407xx.o [1]
  .text              ro code  0x08001308     0x4  startup_stm32f407xx.o [1]
  .text              ro code  0x0800130c     0x4  startup_stm32f407xx.o [1]
  .text              ro code  0x08001310     0x4  startup_stm32f407xx.o [1]
  .text              ro code  0x08001314     0x4  startup_stm32f407xx.o [1]
  .text              ro code  0x08001318     0x4  startup_stm32f407xx.o [1]
  .text              ro code  0x0800131c     0x4  startup_stm32f407xx.o [1]
  .text              ro code  0x08001320     0x4  startup_stm32f407xx.o [1]
  .text              ro code  0x08001324     0x4  startup_stm32f407xx.o [1]
  .rodata            const    0x08001328     0x0  zero_init3.o [5]
  .rodata            const    0x08001328     0x0  copy_init3.o [5]
  Initializer bytes  const    0x08001328     0xc  <for P4 s0> (used: 0x0)
                            - 0x08001334  0x11ac

"P3":                                     0x2000
  CSTACK                      0x10000000  0x2000  <Block>
    CSTACK           uninit   0x10000000  0x2000  <Block tail>
                            - 0x10002000  0x2000

"P4", part 1 of 2:                           0xc
  P4 s0                       0x20000000     0xc  <Init block>
    .data            inited   0x20000000     0x4  stm32f4xx_hal.o [1]
    .data            inited   0x20000004     0x4  system_stm32f4xx.o [1]
    .data            inited   0x20000008     0x1  stm32f4xx_hal.o [1]
                            - 0x2000000c     0xc

"P4", part 2 of 2:                          0x7c
  .bss               zero     0x2000000c    0x44  main.o [1]
  .bss               zero     0x20000050    0x34  main.o [1]
  .bss               zero     0x20000084     0x4  stm32f4xx_hal.o [1]
                            - 0x20000088    0x7c


*******************************************************************************
*** INIT TABLE
***

          Address     Size
          -------     ----
Zero (__iar_zero_init3)
    1 destination range, total size 0x7c:
          0x2000000c  0x7c

Copy (__iar_copy_init3)
    1 source range, total size 0xc (133% of destination):
          0x08001328   0xc
    1 destination range, total size 0x9:
          0x20000000   0x9



*******************************************************************************
*** MODULE SUMMARY
***

    Module                  ro code  ro data  rw data
    ------                  -------  -------  -------
C:\Users\pc\Desktop\bluettoth\EWARM\STM32F4-Discovery\Obj: [1]
    main.o                      460               120
    startup_stm32f407xx.o       732
    stm32f4xx_hal.o             176        5        9
    stm32f4xx_hal_cortex.o      292
    stm32f4xx_hal_gpio.o        628
    stm32f4xx_hal_msp.o          72
    stm32f4xx_hal_rcc.o       1 556
    stm32f4xx_it.o               24
    system_stm32f4xx.o           20       20        4
    -------------------------------------------------
    Total:                    3 960       25      133

command line: [2]
    -------------------------------------------------
    Total:

dl7M_tlf.a: [3]
    exit.o                        4
    low_level_init.o              4
    -------------------------------------------------
    Total:                        8

m7M_tls.a: [4]
    fpinit_M.o                   34
    -------------------------------------------------
    Total:                       34

rt7M_tl.a: [5]
    ABImemclr4.o                  6
    ABImemset48.o                50
    I64DivMod.o                 558
    I64DivZer.o                   2
    cexit.o                      10
    cmain.o                      30
    copy_init3.o                 44
    cstartup_M.o                 12
    data_init.o                  40
    zero_init3.o                 64
    -------------------------------------------------
    Total:                      816

shb_l.a: [6]
    exit.o                       20
    -------------------------------------------------
    Total:                       20

    Gaps                         12        2
    Linker created                        39    8 192
-----------------------------------------------------
    Grand Total:              4 850       66    8 325


*******************************************************************************
*** ENTRY LIST
***

Entry                      Address   Size  Type      Object
-----                      -------   ----  ----      ------
.iar.init_table$$Base   0x08001108          --   Gb  - Linker created -
.iar.init_table$$Limit  0x0800112c          --   Gb  - Linker created -
?main                   0x0800112d         Code  Gb  cmain.o [5]
AHBPrescTable           0x080011b8   0x10  Data  Gb  system_stm32f4xx.o [1]
BusFault_Handler        0x08001193    0x2  Code  Gb  stm32f4xx_it.o [1]
CSTACK$$Base            0x10000000          --   Gb  - Linker created -
CSTACK$$Limit           0x10002000          --   Gb  - Linker created -
DebugMon_Handler        0x08001199    0x2  Code  Gb  stm32f4xx_it.o [1]
Error_Handler           0x08000f89    0x4  Code  Gb  main.o [1]
GPIO_Init               0x08000efd   0x6e  Code  Lc  main.o [1]
HAL_GPIO_Init           0x080005b1  0x226  Code  Gb  stm32f4xx_hal_gpio.o [1]
HAL_GPIO_WritePin       0x080007d7   0x14  Code  Gb  stm32f4xx_hal_gpio.o [1]
HAL_GetTick             0x080005a5    0xc  Code  Wk  stm32f4xx_hal.o [1]
HAL_IncTick             0x08001175   0x18  Code  Wk  stm32f4xx_hal.o [1]
HAL_Init                0x08000f8d   0x3a  Code  Gb  stm32f4xx_hal.o [1]
HAL_InitTick            0x08000c51   0x4c  Code  Wk  stm32f4xx_hal.o [1]
HAL_MspInit             0x08000fd5   0x3e  Code  Gb  stm32f4xx_hal_msp.o [1]
HAL_NVIC_SetPriority    0x08000d6f   0x2a  Code  Gb  stm32f4xx_hal_cortex.o [1]
HAL_NVIC_SetPriorityGrouping
                        0x08000d63    0xc  Code  Gb  stm32f4xx_hal_cortex.o [1]
HAL_RCC_ClockConfig     0x08000a59  0x14c  Code  Gb  stm32f4xx_hal_rcc.o [1]
HAL_RCC_OscConfig       0x08000189  0x41c  Code  Wk  stm32f4xx_hal_rcc.o [1]
HAL_SYSTICK_Config      0x08000d99    0xc  Code  Gb  stm32f4xx_hal_cortex.o [1]
HardFault_Handler       0x0800118f    0x2  Code  Gb  stm32f4xx_it.o [1]
MemManage_Handler       0x08001191    0x2  Code  Gb  stm32f4xx_it.o [1]
NMI_Handler             0x0800118d    0x2  Code  Gb  stm32f4xx_it.o [1]
NVIC_EncodePriority     0x08000cf1   0x42  Code  Lc  stm32f4xx_hal_cortex.o [1]
PendSV_Handler          0x0800119b    0x2  Code  Gb  stm32f4xx_it.o [1]
Region$$Table$$Base     0x08001108          --   Gb  - Linker created -
Region$$Table$$Limit    0x0800112c          --   Gb  - Linker created -
SVC_Handler             0x08001197    0x2  Code  Gb  stm32f4xx_it.o [1]
SysTick_Config          0x08000d33   0x30  Code  Lc  stm32f4xx_hal_cortex.o [1]
SysTick_Handler         0x0800119d    0x8  Code  Gb  stm32f4xx_it.o [1]
SystemClock_Config      0x08000e33   0x92  Code  Gb  main.o [1]
SystemCoreClock         0x20000004    0x4  Data  Gb  system_stm32f4xx.o [1]
SystemInit              0x080011a5    0xe  Code  Gb  system_stm32f4xx.o [1]
USART2_Init             0x08000ec5   0x38  Code  Lc  main.o [1]
UsageFault_Handler      0x08001195    0x2  Code  Gb  stm32f4xx_it.o [1]
__NVIC_GetPriorityGrouping
                        0x08000cbf    0xc  Code  Lc  stm32f4xx_hal_cortex.o [1]
__NVIC_SetPriority      0x08000ccb   0x26  Code  Lc  stm32f4xx_hal_cortex.o [1]
__NVIC_SetPriorityGrouping
                        0x08000c9d   0x22  Code  Lc  stm32f4xx_hal_cortex.o [1]
__aeabi_ldiv0           0x08000a55         Code  Gb  I64DivZer.o [5]
__aeabi_memclr4         0x08000fcd         Code  Gb  ABImemclr4.o [5]
__aeabi_uldivmod        0x08000825         Code  Gb  I64DivMod.o [5]
__cmain                 0x0800112d         Code  Gb  cmain.o [5]
__exit                  0x08001161   0x14  Code  Gb  exit.o [6]
__iar_Memset4_word      0x0800101d         Code  Gb  ABImemset48.o [5]
__iar_Memset8_word      0x0800101d         Code  Gb  ABImemset48.o [5]
__iar_copy_init3        0x0800108f   0x2c  Code  Gb  copy_init3.o [5]
__iar_data_init3        0x080010bd   0x28  Code  Gb  data_init.o [5]
__iar_init_vfp          0x080010e5         Code  Gb  fpinit_M.o [4]
__iar_program_start     0x080011d9         Code  Gb  cstartup_M.o [5]
__iar_systems$$module {Abs}
                        0x00000001         Data  Gb  command line/config [2]
__iar_zero_init3        0x0800104f   0x40  Code  Gb  zero_init3.o [5]
__low_level_init        0x0800114b    0x4  Code  Gb  low_level_init.o [3]
__vector_table          0x08000000         Data  Gb  startup_stm32f407xx.o [1]
_call_main              0x08001139         Code  Gb  cmain.o [5]
_exit                   0x08001155         Code  Gb  cexit.o [5]
_main                   0x08001147         Code  Gb  cmain.o [5]
exit                    0x0800114f    0x4  Code  Gb  exit.o [3]
husart                  0x2000000c   0x44  Data  Gb  main.o [1]
main                    0x08000dc1   0x72  Code  Gb  main.o [1]
rx_buffer               0x20000050   0x34  Data  Gb  main.o [1]
uwTick                  0x20000084    0x4  Data  Gb  stm32f4xx_hal.o [1]
uwTickFreq              0x20000008    0x1  Data  Gb  stm32f4xx_hal.o [1]
uwTickPrio              0x20000000    0x4  Data  Gb  stm32f4xx_hal.o [1]


[1] = C:\Users\pc\Desktop\bluettoth\EWARM\STM32F4-Discovery\Obj
[2] = command line
[3] = dl7M_tlf.a
[4] = m7M_tls.a
[5] = rt7M_tl.a
[6] = shb_l.a

  4 850 bytes of readonly  code memory
     66 bytes of readonly  data memory
  8 325 bytes of readwrite data memory

Errors: 2
Warnings: none
